C51 COMPILER V9.54   WHEEL                                                                 04/12/2023 14:51:57 PAGE 1   


C51 COMPILER V9.54, COMPILATION OF MODULE WHEEL
OBJECT MODULE PLACED IN .\Objects\wheel.obj
COMPILER INVOKED BY: D:\51one-chip computer\C51\BIN\C51.EXE wheel.c OPTIMIZE(8,SPEED) BROWSE DEBUG OBJECTEXTEND PRINT(.\
                    -Listings\wheel.lst) OBJECT(.\Objects\wheel.obj)

line level    source

   1          //#include <REGX52.H>
   2          
   3          //void Wheel()
   4          //{
   5          //      
   6          //      //停下，左转
   7          //      ENA = 0;
   8          //      ENA2 = 0;
   9          //      ENB = 0;
  10          //      ENB2 = 0;
  11          //                      
  12          //      IN3 = 1;
  13          //      IN32 = 1;
  14          //      IN4 = 0;
  15          //      IN42 = 0;       
  16          //      time = 0;
  17          //      delay(1000);
  18          //      
  19          //      //停下，直行       
  20          //      ENA = 0;
  21          //      ENA2 = 0;
  22          //      ENB = 0;
  23          //      ENB2 = 0;               
  24          //      
  25          //      IN1 = 0;
  26          //      IN12 = 0;
  27          //      IN2 = 1;
  28          //      IN22 = 1;
  29          //      IN3 = 0;
  30          //      IN32 = 0;
  31          //      IN4 = 1;
  32          //      IN42 = 1
  33          //      delay(1000);
  34          //      
  35          //      //停下，右转
  36          //      ENA = 0;
  37          //      ENA2 = 0;
  38          //      ENB = 0;
  39          //      ENB2 = 0;
  40          //      
  41          //      IN1 = 1;
  42          //      IN12 = 1;       
  43          //      IN2 = 0;
  44          //      IN22 = 0;
  45          //      
  46          //      IN3 = 0;
  47          //      IN32 = 0;
  48          //      IN4 = 1;
  49          //      IN42 = 1;
  50          //      time = 0;
  51          //      delay(2000);
  52          //              
  53          //      //停下，直行       
  54          //      ENA = 0;
C51 COMPILER V9.54   WHEEL                                                                 04/12/2023 14:51:57 PAGE 2   

  55          //      ENA2 = 0;
  56          //      ENB = 0;
  57          //      ENB2 = 0;               
  58          //      
  59          //      IN1 = 0;
  60          //      IN12 = 0;
  61          //      IN2 = 1;
  62          //      IN22 = 1;
  63          //      IN3 = 0;        
  64          //      IN32 = 0;
  65          //      IN4 = 1;
  66          //      IN42 = 1
  67          //      delay(1000);
  68          //      
  69          //      //停下，左转
  70          //      ENA = 0;
  71          //      ENA2 = 0;
  72          //      ENB = 0;
  73          //      ENB2 = 0;
  74          //      
  75          //      IN3 = 1;
  76          //      IN32 = 1;
  77          //      IN4 = 0;
  78          //      IN42 = 0;
  79          //      time = 0;
  80          //      delay(1000)
  81          //      
  82          //      //停下，直行       
  83          //      ENA = 0;
  84          //      ENA2 = 0;
  85          //      ENB = 0;
  86          //      ENB2 = 0;               
  87          //      
  88          //      IN1 = 0;
  89          //      IN12 = 0;
  90          //      IN2 = 1;        
  91          //      IN22 = 1;
  92          //      IN3 = 0;
  93          //      IN32 = 0;
  94          //      IN4 = 1;
  95          //      IN42 = 1
  96          //}


MODULE INFORMATION:   STATIC OVERLAYABLE
   CODE SIZE        =   ----    ----
   CONSTANT SIZE    =   ----    ----
   XDATA SIZE       =   ----    ----
   PDATA SIZE       =   ----    ----
   DATA SIZE        =   ----    ----
   IDATA SIZE       =   ----    ----
   BIT SIZE         =   ----    ----
END OF MODULE INFORMATION.


C51 COMPILATION COMPLETE.  0 WARNING(S),  0 ERROR(S)
