C51 COMPILER V9.54   MOTOSET                                                               04/15/2023 22:06:02 PAGE 1   


C51 COMPILER V9.54, COMPILATION OF MODULE MOTOSET
OBJECT MODULE PLACED IN .\Objects\motoset.obj
COMPILER INVOKED BY: D:\51one-chip computer\C51\BIN\C51.EXE motoset.c OPTIMIZE(8,SPEED) BROWSE DEBUG OBJECTEXTEND PRINT(
                    -.\Listings\motoset.lst) OBJECT(.\Objects\motoset.obj)

line level    source

   1          #include <REGX52.H>
   2          
   3          //电机L298N
   4          sbit IN1 = P0^1;
   5          sbit IN2 = P0^2;
   6          sbit IN3 = P0^3;
   7          sbit IN4 = P0^4;
   8          
   9          //电机L298N
  10          sbit IN12 = P1^1;
  11          sbit IN22 = P1^2;
  12          sbit IN32 = P1^3;
  13          sbit IN42 = P1^4;
  14          
  15          void Moto_Right_Up_Forward()
  16          {
  17   1              IN1 = 0;
  18   1              IN2 = 1;
  19   1      }
  20          
  21          void Moto_Right_Under_Forward()
  22          {
  23   1              IN12 = 0;
  24   1              IN22 = 1;
  25   1      }
  26          
  27          void Moto_Left_Up_Forward()
  28          {
  29   1              IN3 = 0;
  30   1              IN4 = 1;
  31   1      }
  32          
  33          void Moto_Left_Under_Forward()
  34          {
  35   1              IN32 = 0;
  36   1              IN42 = 1;
  37   1      }
  38          
  39          void Moto_Right_Up_Back()
  40          {
  41   1              IN1 = 1;
  42   1              IN2 = 0;
  43   1      }
  44          
  45          void Moto_Right_Under_Back()
  46          {
  47   1              IN12 = 1;
  48   1              IN22 = 0;
  49   1      }
  50          
  51          void Moto_Left_Up_Back()
  52          {
  53   1              IN3 = 1;
  54   1              IN4 = 0;
C51 COMPILER V9.54   MOTOSET                                                               04/15/2023 22:06:02 PAGE 2   

  55   1      }
  56          
  57          void Moto_Left_Under_Back()
  58          {
  59   1              IN32 = 1;
  60   1              IN42 = 0;
  61   1      }
  62          
  63          void Motto_Right_Up_Stop()
  64          {
  65   1              IN1 = 0;
  66   1              IN2 = 0;
  67   1      }
  68          
  69          void Motto_Right_Under_Stop()
  70          {
  71   1              IN12 = 0;
  72   1              IN22 = 0;
  73   1      }
  74          
  75          void Moto_Left_Up_Stop()
  76          {
  77   1              IN3 = 0;
  78   1              IN4 = 0;
  79   1      }
  80          
  81          void Moto_Left_Under_Stop()
  82          {
  83   1              IN32 = 0;
  84   1              IN42 = 0;
  85   1      }


MODULE INFORMATION:   STATIC OVERLAYABLE
   CODE SIZE        =     60    ----
   CONSTANT SIZE    =   ----    ----
   XDATA SIZE       =   ----    ----
   PDATA SIZE       =   ----    ----
   DATA SIZE        =   ----    ----
   IDATA SIZE       =   ----    ----
   BIT SIZE         =   ----    ----
END OF MODULE INFORMATION.


C51 COMPILATION COMPLETE.  0 WARNING(S),  0 ERROR(S)
