C51 COMPILER V9.54   KEY                                                                   03/31/2023 21:21:39 PAGE 1   


C51 COMPILER V9.54, COMPILATION OF MODULE KEY
OBJECT MODULE PLACED IN .\Objects\key.obj
COMPILER INVOKED BY: D:\51one-chip computer\C51\BIN\C51.EXE key.c OPTIMIZE(8,SPEED) BROWSE DEBUG OBJECTEXTEND PRINT(.\Li
                    -stings\key.lst) OBJECT(.\Objects\key.obj)

line level    source

   1          #include <REGX52.H>
   2          #include "delay.h"
   3          
   4          unsigned char KeyNumber = 0;
   5          unsigned char last = 0;
   6          unsigned char now = 0;
   7          
   8          unsigned char key()
   9          {
  10   1              unsigned char tmp = KeyNumber;
  11   1              KeyNumber = 0;
  12   1              return tmp;
  13   1      }
  14          
  15          unsigned char Key_GetState()
  16          {
  17   1              if(P3_1 == 0)
  18   1                      return 1;
  19   1              if(P3_0 == 0)
  20   1                      return 2;
  21   1              if(P3_2 == 0)
  22   1                      return 3;
  23   1              if(P3_3 == 0)
  24   1                      return 4;
  25   1              return 0;
  26   1      }
  27          
  28          void KeyLoop()
  29          {
  30   1              last = now;
  31   1              now = Key_GetState();
  32   1              if(now ==0 && last ==1)
  33   1                      KeyNumber = 1;
  34   1              if(now ==0 && last ==2)
  35   1                      KeyNumber = 2;
  36   1              if(now ==0 && last ==3)
  37   1                      KeyNumber = 3;
  38   1              if(now ==0 && last ==4)
  39   1                      KeyNumber = 4;
  40   1      }


MODULE INFORMATION:   STATIC OVERLAYABLE
   CODE SIZE        =     90    ----
   CONSTANT SIZE    =   ----    ----
   XDATA SIZE       =   ----    ----
   PDATA SIZE       =   ----    ----
   DATA SIZE        =      3    ----
   IDATA SIZE       =   ----    ----
   BIT SIZE         =   ----    ----
END OF MODULE INFORMATION.


C51 COMPILATION COMPLETE.  0 WARNING(S),  0 ERROR(S)
